// Jest Snapshot v1, https://goo.gl/fbAQLP

exports[`<App/> render correctly 1`] = `
<section
  className="counter"
>
  <span
    className="down_clicker"
    onClick={[Function]}
  >
     - 
  </span>
  <span
    className="result"
  >
    0
  </span>
  <span
    className="up_clicker"
    onClick={[Function]}
  >
     + 
  </span>
</section>
`;
